Start:
Fri Jul 10 03:36:16 PM CEST 2026
Uniform grid: 16384 cells

=== Processing sineSweep_f1_f80_A02 (train) ===
  feature p resampled (1/11)
  feature U1 resampled (2/11)
  feature U3 resampled (3/11)
  feature rho resampled (4/11)
  feature T resampled (5/11)
  feature mix:Q resampled (6/11)
  feature CH4 resampled (7/11)
  feature O2 resampled (8/11)
  feature H2O resampled (9/11)
  feature CO2 resampled (10/11)
  feature OH resampled (11/11)
  -> state (180224, 4001), phi (4001,), split=train

=== Processing sineSweep_f1_f80_A04 (train) ===
  feature p resampled (1/11)
  feature U1 resampled (2/11)
  feature U3 resampled (3/11)
  feature rho resampled (4/11)
  feature T resampled (5/11)
  feature mix:Q resampled (6/11)
  feature CH4 resampled (7/11)
  feature O2 resampled (8/11)
  feature H2O resampled (9/11)
  feature CO2 resampled (10/11)
  feature OH resampled (11/11)
  -> state (180224, 4001), phi (4001,), split=train

=== Processing step_A03 (valid) ===
  feature p resampled (1/11)
  feature U1 resampled (2/11)
  feature U3 resampled (3/11)
  feature rho resampled (4/11)
  feature T resampled (5/11)
  feature mix:Q resampled (6/11)
  feature CH4 resampled (7/11)
  feature O2 resampled (8/11)
  feature H2O resampled (9/11)
  feature CO2 resampled (10/11)
  feature OH resampled (11/11)
  -> state (180224, 2001), phi (2001,), split=valid

=== Processing sine_f40_A05 (valid) ===
  feature p resampled (1/11)
  feature U1 resampled (2/11)
  feature U3 resampled (3/11)
  feature rho resampled (4/11)
  feature T resampled (5/11)
  feature mix:Q resampled (6/11)
  feature CH4 resampled (7/11)
  feature O2 resampled (8/11)
  feature H2O resampled (9/11)
  feature CO2 resampled (10/11)
  feature OH resampled (11/11)
  -> state (180224, 2001), phi (2001,), split=valid

=== Processing step_A03 (test) ===
  feature p resampled (1/11)
  feature U1 resampled (2/11)
  feature U3 resampled (3/11)
  feature rho resampled (4/11)
  feature T resampled (5/11)
  feature mix:Q resampled (6/11)
  feature CH4 resampled (7/11)
  feature O2 resampled (8/11)
  feature H2O resampled (9/11)
  feature CO2 resampled (10/11)
  feature OH resampled (11/11)
  -> state (180224, 2001), phi (2001,), split=test

=== Processing step_A05 (test) ===
  feature p resampled (1/11)
  feature U1 resampled (2/11)
  feature U3 resampled (3/11)
  feature rho resampled (4/11)
  feature T resampled (5/11)
  feature mix:Q resampled (6/11)
  feature CH4 resampled (7/11)
  feature O2 resampled (8/11)
  feature H2O resampled (9/11)
  feature CO2 resampled (10/11)
  feature OH resampled (11/11)
  -> state (180224, 2001), phi (2001,), split=test

=== Processing sine_f10_A03 (test) ===
  feature p resampled (1/11)
  feature U1 resampled (2/11)
  feature U3 resampled (3/11)
  feature rho resampled (4/11)
  feature T resampled (5/11)
  feature mix:Q resampled (6/11)
  feature CH4 resampled (7/11)
  feature O2 resampled (8/11)
  feature H2O resampled (9/11)
  feature CO2 resampled (10/11)
  feature OH resampled (11/11)
  -> state (180224, 2001), phi (2001,), split=test

=== Processing sine_f10_A05 (test) ===
  feature p resampled (1/11)
  feature U1 resampled (2/11)
  feature U3 resampled (3/11)
  feature rho resampled (4/11)
  feature T resampled (5/11)
  feature mix:Q resampled (6/11)
  feature CH4 resampled (7/11)
  feature O2 resampled (8/11)
  feature H2O resampled (9/11)
  feature CO2 resampled (10/11)
  feature OH resampled (11/11)
  -> state (180224, 2001), phi (2001,), split=test

=== Processing sine_f40_A03 (test) ===
  feature p resampled (1/11)
  feature U1 resampled (2/11)
  feature U3 resampled (3/11)
  feature rho resampled (4/11)
  feature T resampled (5/11)
  feature mix:Q resampled (6/11)
  feature CH4 resampled (7/11)
  feature O2 resampled (8/11)
  feature H2O resampled (9/11)
  feature CO2 resampled (10/11)
  feature OH resampled (11/11)
  -> state (180224, 2001), phi (2001,), split=test

=== Processing sine_f40_A05 (test) ===
  feature p resampled (1/11)
  feature U1 resampled (2/11)
  feature U3 resampled (3/11)
  feature rho resampled (4/11)
  feature T resampled (5/11)
  feature mix:Q resampled (6/11)
  feature CH4 resampled (7/11)
  feature O2 resampled (8/11)
  feature H2O resampled (9/11)
  feature CO2 resampled (10/11)
  feature OH resampled (11/11)
  -> state (180224, 2001), phi (2001,), split=test

Done. You can now zip bundle/ (input_data and reference_data included) and upload it to Codabench, or use it for local testing.
End:
Fri Jul 10 04:13:12 PM CEST 2026
